main.c:95:5:main	8	static
main.c:189:6:SystemClock_Config	88	static
main.c:230:6:system_init	8	static
main.c:248:6:test_LedDebug	8	static
main.c:255:6:test_LedY0	8	static
main.c:264:6:test_LedY1	8	static
main.c:273:6:test_7seg	8	static
main.c:279:6:test_button	32	static
main.c:287:6:test_lcd	8	static
main.c:292:6:display_UI	24	static
main.c:304:6:choose_id	4	static
main.c:324:6:choose_level	24	static
main.c:346:6:display_UI_Snake_Game	24	static
main.c:378:6:Error_Handler	4	static,ignoring_inline_asm
